src/app/admin/rooms/edit-room-dialog.tsx(143,44): error TS2322: Type '{ children: Element[]; dropDownMenu: boolean; }' is not assignable to type 'IntrinsicAttributes & Omit<SelectContentProps & RefAttributes<HTMLDivElement>, "ref"> & RefAttributes<...>'.
  Property 'dropDownMenu' does not exist on type 'IntrinsicAttributes & Omit<SelectContentProps & RefAttributes<HTMLDivElement>, "ref"> & RefAttributes<...>'.
src/app/admin/rooms/rooms-content.tsx(228,46): error TS2741: Property 'roomCode' is missing in type '{ roomId: string; }' but required in type 'DeleteRoomButtonProps'.
